// Jest Snapshot v1, https://goo.gl/fbAQLP

exports[`<Navigation /> should match the snapshot 1`] = `
<ul
  class="ant-menu ant-menu-light ant-menu-root ant-menu-inline"
  role="menu"
>
  <li
    class="ant-menu-item Navigationstyle__StyledMenuItem-wt3miw-0 dUoMzc ant-menu-item-selected"
    role="menuitem"
    style="padding-left: 24px;"
  >
    <span
      aria-label="desktop"
      class="anticon anticon-desktop Navigationstyle__StyledDesktopOutlined-wt3miw-1 emSucX"
      role="img"
    >
      <svg
        aria-hidden="true"
        class=""
        data-icon="desktop"
        fill="currentColor"
        focusable="false"
        height="1em"
        viewBox="64 64 896 896"
        width="1em"
      >
        <path
          d="M928 140H96c-17.7 0-32 14.3-32 32v496c0 17.7 14.3 32 32 32h380v112H304c-8.8 0-16 7.2-16 16v48c0 4.4 3.6 8 8 8h432c4.4 0 8-3.6 8-8v-48c0-8.8-7.2-16-16-16H548V700h380c17.7 0 32-14.3 32-32V172c0-17.7-14.3-32-32-32zm-40 488H136V212h752v416z"
        />
      </svg>
    </span>
    <span>
      <span>
        Dashboard
      </span>
    </span>
  </li>
</ul>
`;
