// Jest Snapshot v1, https://goo.gl/fbAQLP

exports[`<Header /> should match the snapshot 1`] = `
<header
  class="ant-layout-header Headerstyle__StyledHeader-en79cw-0 kWRNOn"
>
  <span
    aria-label="menu-fold"
    class="anticon anticon-menu-fold Headerstyle__StyledMenuFoldOutlined-en79cw-2 jqgddL"
    role="img"
    tabindex="-1"
  >
    <svg
      aria-hidden="true"
      class=""
      data-icon="menu-fold"
      fill="currentColor"
      focusable="false"
      height="1em"
      viewBox="64 64 896 896"
      width="1em"
    >
      <path
        d="M408 442h480c4.4 0 8-3.6 8-8v-56c0-4.4-3.6-8-8-8H408c-4.4 0-8 3.6-8 8v56c0 4.4 3.6 8 8 8zm-8 204c0 4.4 3.6 8 8 8h480c4.4 0 8-3.6 8-8v-56c0-4.4-3.6-8-8-8H408c-4.4 0-8 3.6-8 8v56zm504-486H120c-4.4 0-8 3.6-8 8v56c0 4.4 3.6 8 8 8h784c4.4 0 8-3.6 8-8v-56c0-4.4-3.6-8-8-8zm0 632H120c-4.4 0-8 3.6-8 8v56c0 4.4 3.6 8 8 8h784c4.4 0 8-3.6 8-8v-56c0-4.4-3.6-8-8-8zM115.4 518.9L271.7 642c5.8 4.6 14.4.5 14.4-6.9V388.9c0-7.4-8.5-11.5-14.4-6.9L115.4 505.1a8.74 8.74 0 000 13.8z"
      />
    </svg>
  </span>
  <span
    aria-label="bars"
    class="anticon anticon-bars Headerstyle__StyledBarsOutlined-en79cw-3 bJgLVe"
    role="img"
    tabindex="-1"
  >
    <svg
      aria-hidden="true"
      class=""
      data-icon="bars"
      fill="currentColor"
      focusable="false"
      height="1em"
      viewBox="0 0 1024 1024"
      width="1em"
    >
      <path
        d="M912 192H328c-4.4 0-8 3.6-8 8v56c0 4.4 3.6 8 8 8h584c4.4 0 8-3.6 8-8v-56c0-4.4-3.6-8-8-8zm0 284H328c-4.4 0-8 3.6-8 8v56c0 4.4 3.6 8 8 8h584c4.4 0 8-3.6 8-8v-56c0-4.4-3.6-8-8-8zm0 284H328c-4.4 0-8 3.6-8 8v56c0 4.4 3.6 8 8 8h584c4.4 0 8-3.6 8-8v-56c0-4.4-3.6-8-8-8zM104 228a56 56 0 10112 0 56 56 0 10-112 0zm0 284a56 56 0 10112 0 56 56 0 10-112 0zm0 284a56 56 0 10112 0 56 56 0 10-112 0z"
      />
    </svg>
  </span>
</header>
`;
