// Jest Snapshot v1, https://goo.gl/fbAQLP

exports[`<PrivateRoute /> should render a PrivateRoute 1`] = `null`;
