// Jest Snapshot v1, https://goo.gl/fbAQLP

exports[`<LoginPage /> should render its loginPage 1`] = `
<div>
  <header
    class="Headerstyle__StyledHeader-ae05xe-0 gxFPFE"
  >
    <a
      href="/"
    >
      <img
        alt="Bank Application"
        class="Headerstyle__StyledImg-ae05xe-1 ggLcVg"
        height="100%"
        src="IMAGE_MOCK"
        width="180"
      />
    </a>
    <img
      alt="Adrian Pietrzak"
      class="Headerstyle__StyledImg-ae05xe-1 ggLcVg"
      height="100%"
      src="IMAGE_MOCK"
      width="50"
    />
  </header>
  <div
    class="Subheaderstyle__StyledSubheader-sc-1dbp7w7-0 lkJlFV"
  >
    <div
      class="ant-page-header Subheaderstyle__StyledPageHeader-sc-1dbp7w7-1 gjCZxq ant-page-header-ghost"
    >
      <div
        class="ant-page-header-heading"
      >
        <div
          class="ant-page-header-heading-left"
        >
          <span
            class="ant-page-header-heading-title"
          >
            <span>
              Log In
            </span>
          </span>
        </div>
      </div>
    </div>
    <div
      class="ant-select ant-select-single ant-select-show-arrow"
    >
      <div
        class="ant-select-selector"
      >
        <span
          class="ant-select-selection-search"
        >
          <input
            aria-activedescendant="rc_select_TEST_OR_SSR_list_0"
            aria-autocomplete="list"
            aria-controls="rc_select_TEST_OR_SSR_list"
            aria-haspopup="listbox"
            aria-owns="rc_select_TEST_OR_SSR_list"
            autocomplete="off"
            class="ant-select-selection-search-input"
            id="rc_select_TEST_OR_SSR"
            readonly=""
            role="combobox"
            style="opacity: 0;"
            unselectable="on"
            value=""
          />
        </span>
        <span
          class="ant-select-selection-item"
        >
          EN
        </span>
      </div>
      <span
        aria-hidden="true"
        class="ant-select-arrow"
        style="user-select: none;"
        unselectable="on"
      >
        <span
          aria-label="down"
          class="anticon anticon-down"
          role="img"
        >
          <svg
            aria-hidden="true"
            class=""
            data-icon="down"
            fill="currentColor"
            focusable="false"
            height="1em"
            viewBox="64 64 896 896"
            width="1em"
          >
            <path
              d="M884 256h-75c-5.1 0-9.9 2.5-12.9 6.6L512 654.2 227.9 262.6c-3-4.1-7.8-6.6-12.9-6.6h-75c-6.5 0-10.3 7.4-6.5 12.7l352.6 486.1c12.8 17.6 39 17.6 51.7 0l352.6-486.1c3.9-5.3.1-12.7-6.4-12.7z"
            />
          </svg>
        </span>
      </span>
    </div>
  </div>
  <div
    class="Informationstyle__StyledInformation-sc-1p8zm62-0 dDYeav"
  >
    <span>
      If you take advantage of our promotion and register your account by the end of this year, you will receive 10,00 USD from us. Accounts already created will also receive this from us.
    </span>
  </div>
  <div
    class="Formstyle__StyledFormWrapper-sc-7x4ylh-3 cHpiyG"
  >
    <form
      class="ant-form ant-form-vertical Formstyle__StyledForm-sc-7x4ylh-4 iTcOQt"
      id="register"
    >
      <div
        class="ant-row ant-form-item Formstyle__StyledFormItem-sc-7x4ylh-6 ePwRJs"
      >
        <div
          class="ant-col ant-form-item-label"
        >
          <label
            class="ant-form-item-required"
            for="register_pinCode"
            title="Pin code"
          >
            Pin code
          </label>
        </div>
        <div
          class="ant-col ant-form-item-control"
        >
          <div
            class="ant-form-item-control-input"
          >
            <div
              class="ant-form-item-control-input-content"
            >
              <div
                class="ant-input-number Formstyle__StyledInputNumber-sc-7x4ylh-5 eKKIVi"
              >
                <div
                  class="ant-input-number-handler-wrap"
                >
                  <span
                    aria-label="Increase Value"
                    class="ant-input-number-handler ant-input-number-handler-up"
                    role="button"
                    unselectable="unselectable"
                  >
                    <span
                      aria-label="up"
                      class="anticon anticon-up ant-input-number-handler-up-inner"
                      role="img"
                    >
                      <svg
                        aria-hidden="true"
                        class=""
                        data-icon="up"
                        fill="currentColor"
                        focusable="false"
                        height="1em"
                        viewBox="64 64 896 896"
                        width="1em"
                      >
                        <path
                          d="M890.5 755.3L537.9 269.2c-12.8-17.6-39-17.6-51.7 0L133.5 755.3A8 8 0 00140 768h75c5.1 0 9.9-2.5 12.9-6.6L512 369.8l284.1 391.6c3 4.1 7.8 6.6 12.9 6.6h75c6.5 0 10.3-7.4 6.5-12.7z"
                        />
                      </svg>
                    </span>
                  </span>
                  <span
                    aria-label="Decrease Value"
                    class="ant-input-number-handler ant-input-number-handler-down"
                    role="button"
                    unselectable="unselectable"
                  >
                    <span
                      aria-label="down"
                      class="anticon anticon-down ant-input-number-handler-down-inner"
                      role="img"
                    >
                      <svg
                        aria-hidden="true"
                        class=""
                        data-icon="down"
                        fill="currentColor"
                        focusable="false"
                        height="1em"
                        viewBox="64 64 896 896"
                        width="1em"
                      >
                        <path
                          d="M884 256h-75c-5.1 0-9.9 2.5-12.9 6.6L512 654.2 227.9 262.6c-3-4.1-7.8-6.6-12.9-6.6h-75c-6.5 0-10.3 7.4-6.5 12.7l352.6 486.1c12.8 17.6 39 17.6 51.7 0l352.6-486.1c3.9-5.3.1-12.7-6.4-12.7z"
                        />
                      </svg>
                    </span>
                  </span>
                </div>
                <div
                  class="ant-input-number-input-wrap"
                >
                  <input
                    aria-valuemin="-9007199254740991"
                    autocomplete="off"
                    class="ant-input-number-input"
                    id="register_pinCode"
                    min="-9007199254740991"
                    name="pinCode"
                    placeholder="Enter pin code"
                    role="spinbutton"
                    step="1"
                    value=""
                  />
                </div>
              </div>
            </div>
          </div>
        </div>
      </div>
    </form>
    
    <div
      class="Formstyle__StyledFormActionsWrapper-sc-7x4ylh-0 hCgvJp"
    >
      <button
        class="ant-btn Formstyle__StyledButton-sc-7x4ylh-1 hEdmIp ant-btn-primary"
        type="button"
      >
        <span>
          Next
        </span>
         
        <span
          aria-label="right"
          class="anticon anticon-right"
          role="img"
        >
          <svg
            aria-hidden="true"
            class=""
            data-icon="right"
            fill="currentColor"
            focusable="false"
            height="1em"
            viewBox="64 64 896 896"
            width="1em"
          >
            <path
              d="M765.7 486.8L314.9 134.7A7.97 7.97 0 00302 141v77.3c0 4.9 2.3 9.6 6.1 12.6l360 281.1-360 281.1c-3.9 3-6.1 7.7-6.1 12.6V883c0 6.7 7.7 10.4 12.9 6.3l450.8-352.1a31.96 31.96 0 000-50.4z"
            />
          </svg>
        </span>
      </button>
    </div>
  </div>
  <div
    class="RedirectTogglestyle__StyledRedirectToggle-sc-15lqog-0 WiacX"
  >
    <span>
      If you already have a bank account, you can log in by clicking on
    </span>
     
    <button
      class="ant-btn RedirectTogglestyle__StyledButton-sc-15lqog-1 cEWUtu ant-btn-link"
      type="button"
    >
      <span>
        Log In
      </span>
    </button>
  </div>
  <footer
    class="Footerstyle__StyledFooter-sc-3vvbi3-0 dvHDti"
  >
    <div
      class="Footerstyle__StyledWarning-sc-3vvbi3-1 btJlec"
    >
      <span
        aria-label="info-circle"
        class="anticon anticon-info-circle Footerstyle__StyledInfoCircleOutlined-sc-3vvbi3-2 iXYsXs"
        role="img"
      >
        <svg
          aria-hidden="true"
          class=""
          data-icon="info-circle"
          fill="currentColor"
          focusable="false"
          height="1em"
          viewBox="64 64 896 896"
          width="1em"
        >
          <path
            d="M512 64C264.6 64 64 264.6 64 512s200.6 448 448 448 448-200.6 448-448S759.4 64 512 64zm0 820c-205.4 0-372-166.6-372-372s166.6-372 372-372 372 166.6 372 372-166.6 372-372 372z"
          />
          <path
            d="M464 336a48 48 0 1096 0 48 48 0 10-96 0zm72 112h-48c-4.4 0-8 3.6-8 8v272c0 4.4 3.6 8 8 8h48c4.4 0 8-3.6 8-8V456c0-4.4-3.6-8-8-8z"
          />
        </svg>
      </span>
      <span>
        Remember the basic safety rules.
      </span>
    </div>
    <div>
      <span>
        Before you enter your ID number and access password on your website, make sure
      </span>
      <ul>
        <li>
          <span>
            Your password is secure. It contains at least 8 characters and consists of uppercase and lowercase letters
          </span>
        </li>
        <li>
          <span>
            in the address bar or status bar, a padlock is visible at the bottom of the browser screen
          </span>
        </li>
      </ul>
    </div>
    <div
      class="Footerstyle__StyledTip-sc-3vvbi3-3 feybDB"
    >
      <span>
        Remember: The bank does not require confirmation of any data, correct login or reading of the Banks messages by means of SMS, TAN and / or e-mail, or installation of any applications on the users phones or computers.
      </span>
    </div>
    <div>
      <span>
        This site uses cookies to provide services at the highest level. By clicking or navigating the site, you agree to allow our collection of information on through cookies. For more information on security, please visit:
      </span>
       
      <button
        class="ant-btn Footerstyle__StyledButton-sc-3vvbi3-4 byxUJI ant-btn-link"
        type="button"
      >
        <span>
          Privacy rules
        </span>
      </button>
    </div>
  </footer>
</div>
`;
