// Jest Snapshot v1, https://goo.gl/fbAQLP

exports[`<Footer /> should match the snapshot 1`] = `
<footer
  class="Footerstyle__StyledFooter-a5b9l3-0 gcmDBN"
>
  <strong>
    Bank Application v2.0
  </strong>
   | 22.05.20
</footer>
`;
