// Jest Snapshot v1, https://goo.gl/fbAQLP

exports[`<LoginPage /> should render its DashboardPage 1`] = `
<div>
  <section
    class="Greetingstyle__StyledGreeting-r6yczo-0 idXROt"
  >
    <div>
      <span>
        Good morning
      </span>
      ,
       
      <span
        class="Greetingstyle__StyledNameWrapper-r6yczo-1 ifLnoL"
      >
         
      </span>
    </div>
  </section>
  <div
    style="display: flex; justify-content: space-between; max-width: 960px; width: calc(100% - 70px); margin: 0px auto;"
  >
    <section
      class="Cardstyle__StyledCard-s807iu-0 gZCSEQ"
    >
      <div
        class="ant-spin ant-spin-spinning LoadingIndicatorstyle__StyledSpin-sc-1hamj2j-0 jYctYG"
      >
        <span
          aria-label="loading"
          class="anticon anticon-loading LoadingIndicatorstyle__StyledLoadingOutlined-sc-1hamj2j-1 bgzkcd ant-spin-dot"
          role="img"
        >
          <svg
            aria-hidden="true"
            class="anticon-spin"
            data-icon="loading"
            fill="currentColor"
            focusable="false"
            height="1em"
            viewBox="0 0 1024 1024"
            width="1em"
          >
            <path
              d="M988 548c-19.9 0-36-16.1-36-36 0-59.4-11.6-117-34.6-171.3a440.45 440.45 0 00-94.3-139.9 437.71 437.71 0 00-139.9-94.3C629 83.6 571.4 72 512 72c-19.9 0-36-16.1-36-36s16.1-36 36-36c69.1 0 136.2 13.5 199.3 40.3C772.3 66 827 103 874 150c47 47 83.9 101.8 109.7 162.7 26.7 63.1 40.2 130.2 40.2 199.3.1 19.9-16 36-35.9 36z"
            />
          </svg>
        </span>
      </div>
    </section>
    <section
      class="Cardstyle__StyledCard-s807iu-0 gZCSEQ"
    >
      <div
        class="ant-spin ant-spin-spinning LoadingIndicatorstyle__StyledSpin-sc-1hamj2j-0 jYctYG"
      >
        <span
          aria-label="loading"
          class="anticon anticon-loading LoadingIndicatorstyle__StyledLoadingOutlined-sc-1hamj2j-1 bgzkcd ant-spin-dot"
          role="img"
        >
          <svg
            aria-hidden="true"
            class="anticon-spin"
            data-icon="loading"
            fill="currentColor"
            focusable="false"
            height="1em"
            viewBox="0 0 1024 1024"
            width="1em"
          >
            <path
              d="M988 548c-19.9 0-36-16.1-36-36 0-59.4-11.6-117-34.6-171.3a440.45 440.45 0 00-94.3-139.9 437.71 437.71 0 00-139.9-94.3C629 83.6 571.4 72 512 72c-19.9 0-36-16.1-36-36s16.1-36 36-36c69.1 0 136.2 13.5 199.3 40.3C772.3 66 827 103 874 150c47 47 83.9 101.8 109.7 162.7 26.7 63.1 40.2 130.2 40.2 199.3.1 19.9-16 36-35.9 36z"
            />
          </svg>
        </span>
      </div>
    </section>
    <section
      class="Cardstyle__StyledCard-s807iu-0 gZCSEQ"
    >
      <div
        class="Cardstyle__StyledCardContent-s807iu-1 bkXQSW"
      >
        <div
          class="Cardstyle__StyledCardContentDescription-s807iu-6 cyBFNZ"
        >
          Did you know that transfers in our bank arrive immediately?
        </div>
      </div>
    </section>
  </div>
</div>
`;
