// Jest Snapshot v1, https://goo.gl/fbAQLP

exports[`<Logo /> should match the snapshot 1`] = `
<div
  class="Logostyle__StyledLogo-sgm567-0 mCXGT"
>
  <img
    alt="Bank Application"
    height="auto"
    src="IMAGE_MOCK"
    width="150"
  />
</div>
`;
